\BOOKMARK [1][-]{section.1}{\376\377\000I\000n\000t\000r\000o\000d\000u\000c\000c\000i\000\363\000n}{}% 1
\BOOKMARK [2][-]{subsection.1.1}{\376\377\000C\000o\000n\000t\000i\000n\000u\000i\000d\000a\000d\000\040\000d\000e\000l\000\040\000p\000r\000o\000y\000e\000c\000t\000o}{section.1}% 2
\BOOKMARK [2][-]{subsection.1.2}{\376\377\000O\000b\000j\000e\000t\000i\000v\000o\000s\000\040\000d\000e\000\040\000l\000a\000\040\000E\000n\000t\000r\000e\000g\000a\000\040\0003}{section.1}% 3
\BOOKMARK [2][-]{subsection.1.3}{\376\377\000E\000s\000t\000r\000u\000c\000t\000u\000r\000a\000\040\000d\000e\000l\000\040\000d\000o\000c\000u\000m\000e\000n\000t\000o}{section.1}% 4
\BOOKMARK [1][-]{section.2}{\376\377\000T\000r\000a\000b\000a\000j\000o\000s\000\040\000r\000e\000l\000a\000c\000i\000o\000n\000a\000d\000o\000s}{}% 5
\BOOKMARK [2][-]{subsection.2.1}{\376\377\000B\000a\000s\000e\000s\000\040\000d\000e\000\040\000d\000a\000t\000o\000s\000\040\000d\000i\000s\000t\000r\000i\000b\000u\000i\000d\000a\000s\000\040\000y\000\040\000c\000o\000n\000s\000i\000s\000t\000e\000n\000c\000i\000a}{section.2}% 6
\BOOKMARK [2][-]{subsection.2.2}{\376\377\000P\000r\000o\000c\000e\000s\000a\000m\000i\000e\000n\000t\000o\000\040\000p\000a\000r\000a\000l\000e\000l\000o\000\040\000d\000e\000\040\000d\000a\000t\000o\000s}{section.2}% 7
\BOOKMARK [2][-]{subsection.2.3}{\376\377\000M\000e\000t\000o\000d\000o\000l\000o\000g\000\355\000a\000\040\000e\000x\000p\000e\000r\000i\000m\000e\000n\000t\000a\000l}{section.2}% 8
\BOOKMARK [1][-]{section.3}{\376\377\000F\000u\000n\000d\000a\000m\000e\000n\000t\000o\000\040\000t\000e\000\363\000r\000i\000c\000o}{}% 9
\BOOKMARK [2][-]{subsection.3.1}{\376\377\000M\000o\000d\000e\000l\000o\000\040\000d\000e\000\040\000b\000a\000s\000e\000s\000\040\000d\000e\000\040\000d\000a\000t\000o\000s\000\040\000d\000i\000s\000t\000r\000i\000b\000u\000i\000d\000a\000s}{section.3}% 10
\BOOKMARK [2][-]{subsection.3.2}{\376\377\000T\000e\000o\000r\000e\000m\000a\000\040\000C\000A\000P\000\040\000y\000\040\000m\000o\000d\000e\000l\000o\000\040\000P\000A\000C\000E\000L\000C}{section.3}% 11
\BOOKMARK [2][-]{subsection.3.3}{\376\377\000C\000o\000n\000s\000e\000n\000s\000o\000\040\000d\000i\000s\000t\000r\000i\000b\000u\000i\000d\000o\000:\000\040\000R\000a\000f\000t}{section.3}% 12
\BOOKMARK [2][-]{subsection.3.4}{\376\377\000M\000o\000d\000e\000l\000o\000\040\000d\000e\000\040\000p\000r\000o\000g\000r\000a\000m\000a\000c\000i\000\363\000n\000\040\000p\000a\000r\000a\000l\000e\000l\000a}{section.3}% 13
\BOOKMARK [2][-]{subsection.3.5}{\376\377\000D\000i\000s\000e\000\361\000o\000\040\000y\000\040\000a\000n\000\341\000l\000i\000s\000i\000s\000\040\000e\000s\000t\000a\000d\000\355\000s\000t\000i\000c\000o\000\040\000d\000e\000l\000\040\000e\000x\000p\000e\000r\000i\000m\000e\000n\000t\000o}{section.3}% 14
\BOOKMARK [1][-]{section.4}{\376\377\000D\000i\000s\000e\000\361\000o\000\040\000d\000e\000l\000\040\000e\000s\000q\000u\000e\000m\000a\000\040\000y\000\040\000f\000r\000a\000g\000m\000e\000n\000t\000a\000c\000i\000\363\000n}{}% 15
\BOOKMARK [2][-]{subsection.4.1}{\376\377\000E\000s\000q\000u\000e\000m\000a\000\040\000f\000\355\000s\000i\000c\000o}{section.4}% 16
\BOOKMARK [2][-]{subsection.4.2}{\376\377\000P\000o\000l\000\355\000t\000i\000c\000a\000\040\000d\000e\000\040\000f\000r\000a\000g\000m\000e\000n\000t\000a\000c\000i\000\363\000n}{section.4}% 17
\BOOKMARK [2][-]{subsection.4.3}{\376\377\000V\000e\000r\000i\000f\000i\000c\000a\000c\000i\000\363\000n\000\040\000f\000o\000r\000m\000a\000l\000\040\000d\000e\000\040\000c\000o\000r\000r\000e\000c\000c\000i\000\363\000n}{section.4}% 18
\BOOKMARK [2][-]{subsection.4.4}{\376\377\000C\000o\000l\000o\000c\000a\000l\000i\000z\000a\000c\000i\000\363\000n\000\040\000c\000o\000n\000\040\000c\000l\000i\000e\000n\000t\000e\000s\000\040\000y\000\040\000l\000i\000m\000i\000t\000a\000c\000i\000\363\000n\000\040\000a\000r\000q\000u\000i\000t\000e\000c\000t\000\363\000n\000i\000c\000a}{section.4}% 19
\BOOKMARK [2][-]{subsection.4.5}{\376\377\000P\000o\000l\000\355\000t\000i\000c\000a\000\040\000d\000e\000\040\000r\000e\000p\000l\000i\000c\000a\000c\000i\000\363\000n}{section.4}% 20
\BOOKMARK [2][-]{subsection.4.6}{\376\377\000T\000r\000a\000d\000e\000-\000o\000f\000f\000s\000\040\000a\000c\000e\000p\000t\000a\000d\000o\000s}{section.4}% 21
\BOOKMARK [1][-]{section.5}{\376\377\000C\000l\000u\000s\000t\000e\000r\000\040\000y\000\040\000s\000u\000\040\000v\000e\000r\000i\000f\000i\000c\000a\000c\000i\000\363\000n}{}% 22
\BOOKMARK [2][-]{subsection.5.1}{\376\377\000L\000e\000v\000a\000n\000t\000a\000m\000i\000e\000n\000t\000o\000\040\000d\000e\000l\000\040\000c\000l\000\372\000s\000t\000e\000r\000\040\000d\000e\000\040\000t\000r\000e\000s\000\040\000n\000o\000d\000o\000s}{section.5}% 23
\BOOKMARK [2][-]{subsection.5.2}{\376\377\000P\000r\000u\000e\000b\000a\000s\000\040\000d\000e\000\040\000i\000n\000t\000e\000g\000r\000a\000c\000i\000\363\000n\000\040\000c\000o\000n\000t\000r\000a\000\040\000C\000o\000c\000k\000r\000o\000a\000c\000h\000D\000B\000\040\000r\000e\000a\000l}{section.5}% 24
\BOOKMARK [2][-]{subsection.5.3}{\376\377\000I\000n\000s\000t\000r\000u\000m\000e\000n\000t\000a\000c\000i\000\363\000n\000\040\000d\000e\000\040\000m\000\351\000t\000r\000i\000c\000a\000s\000\040\000o\000p\000e\000r\000a\000t\000i\000v\000a\000s}{section.5}% 25
\BOOKMARK [2][-]{subsection.5.4}{\376\377\000T\000o\000l\000e\000r\000a\000n\000c\000i\000a\000\040\000a\000\040\000f\000a\000l\000l\000o\000s\000\040\000d\000e\000l\000\040\000c\000l\000\372\000s\000t\000e\000r}{section.5}% 26
\BOOKMARK [3][-]{subsubsection.5.4.1}{\376\377\000R\000e\000s\000u\000l\000t\000a\000d\000o\000s}{subsection.5.4}% 27
\BOOKMARK [1][-]{section.6}{\376\377\000P\000i\000p\000e\000l\000i\000n\000e\000\040\000a\000n\000a\000l\000\355\000t\000i\000c\000o\000\040\000p\000a\000r\000a\000l\000e\000l\000o}{}% 28
\BOOKMARK [2][-]{subsection.6.1}{\376\377\000O\000b\000j\000e\000t\000i\000v\000o\000\040\000a\000n\000a\000l\000\355\000t\000i\000c\000o\000\040\000y\000\040\000d\000a\000t\000a\000s\000e\000t}{section.6}% 29
\BOOKMARK [2][-]{subsection.6.2}{\376\377\000L\000a\000s\000\040\000c\000i\000n\000c\000o\000\040\000t\000r\000a\000n\000s\000f\000o\000r\000m\000a\000c\000i\000o\000n\000e\000s}{section.6}% 30
\BOOKMARK [2][-]{subsection.6.3}{\376\377\000E\000j\000e\000c\000u\000c\000i\000\363\000n\000\040\000y\000\040\000r\000e\000s\000u\000l\000t\000a\000d\000o\000s\000\040\000o\000b\000s\000e\000r\000v\000a\000d\000o\000s}{section.6}% 31
\BOOKMARK [2][-]{subsection.6.4}{\376\377\000B\000a\000s\000e\000l\000i\000n\000e\000\040\000s\000e\000c\000u\000e\000n\000c\000i\000a\000l}{section.6}% 32
\BOOKMARK [1][-]{section.7}{\376\377\000P\000r\000o\000t\000o\000c\000o\000l\000o\000\040\000y\000\040\000r\000e\000s\000u\000l\000t\000a\000d\000o\000s}{}% 33
\BOOKMARK [2][-]{subsection.7.1}{\376\377\000H\000i\000p\000\363\000t\000e\000s\000i\000s\000\040\000y\000\040\000v\000a\000r\000i\000a\000b\000l\000e\000s}{section.7}% 34
\BOOKMARK [2][-]{subsection.7.2}{\376\377\000D\000i\000s\000e\000\361\000o\000\040\000e\000x\000p\000e\000r\000i\000m\000e\000n\000t\000a\000l}{section.7}% 35
\BOOKMARK [2][-]{subsection.7.3}{\376\377\000P\000l\000a\000n\000\040\000d\000e\000\040\000a\000n\000\341\000l\000i\000s\000i\000s\000\040\000e\000s\000t\000a\000d\000\355\000s\000t\000i\000c\000o}{section.7}% 36
\BOOKMARK [2][-]{subsection.7.4}{\376\377\000A\000m\000e\000n\000a\000z\000a\000s\000\040\000a\000\040\000l\000a\000\040\000v\000a\000l\000i\000d\000e\000z}{section.7}% 37
\BOOKMARK [2][-]{subsection.7.5}{\376\377\000R\000e\000s\000u\000l\000t\000a\000d\000o\000s}{section.7}% 38
\BOOKMARK [3][-]{subsubsection.7.5.1}{\376\377\000C\000o\000n\000t\000r\000a\000s\000t\000e\000\040\000d\000e\000\040\000H\0001}{subsection.7.5}% 39
\BOOKMARK [3][-]{subsubsection.7.5.2}{\376\377\000P\000o\000r\000\040\000q\000u\000\351\000\040\000e\000l\000\040\000b\000a\000s\000e\000l\000i\000n\000e\000\040\000g\000a\000n\000\363\000:\000\040\000i\000n\000t\000e\000r\000p\000r\000e\000t\000a\000c\000i\000\363\000n}{subsection.7.5}% 40
\BOOKMARK [3][-]{subsubsection.7.5.3}{\376\377\000A\000j\000u\000s\000t\000e\000\040\000d\000e\000\040\000l\000a\000\040\000l\000e\000y\000\040\000d\000e\000\040\000A\000m\000d\000a\000h\000l\000\040\000\050\000e\000s\000c\000a\000l\000a\000d\000o\000\040\000i\000n\000t\000e\000r\000n\000o\000\040\000d\000e\000\040\000S\000p\000a\000r\000k\000\051}{subsection.7.5}% 41
\BOOKMARK [1][-]{section.8}{\376\377\000D\000i\000s\000c\000u\000s\000i\000\363\000n}{}% 42
\BOOKMARK [2][-]{subsection.8.1}{\376\377\000S\000o\000b\000r\000e\000\040\000l\000a\000\040\000f\000r\000a\000g\000m\000e\000n\000t\000a\000c\000i\000\363\000n\000\040\000p\000o\000r\000\040\000f\000e\000c\000h\000a\000\040\000f\000r\000e\000n\000t\000e\000\040\000a\000l\000\040\000p\000a\000t\000r\000\363\000n\000\040\000d\000e\000\040\000a\000c\000c\000e\000s\000o\000\040\000r\000e\000a\000l}{section.8}% 43
\BOOKMARK [2][-]{subsection.8.2}{\376\377\000S\000o\000b\000r\000e\000\040\000l\000a\000\040\000c\000o\000l\000o\000c\000a\000l\000i\000z\000a\000c\000i\000\363\000n\000\040\000c\000l\000i\000e\000n\000t\000e\040\023\000t\000i\000c\000k\000e\000t\000\040\000e\000n\000t\000r\000e\000\040\000m\000i\000c\000r\000o\000s\000e\000r\000v\000i\000c\000i\000o\000s}{section.8}% 44
\BOOKMARK [2][-]{subsection.8.3}{\376\377\000S\000o\000b\000r\000e\000\040\000l\000a\000\040\000i\000n\000s\000t\000r\000u\000m\000e\000n\000t\000a\000c\000i\000\363\000n\000\040\000y\000\040\000l\000a\000\040\000o\000b\000s\000e\000r\000v\000a\000b\000i\000l\000i\000d\000a\000d}{section.8}% 45
\BOOKMARK [2][-]{subsection.8.4}{\376\377\000S\000o\000b\000r\000e\000\040\000l\000a\000\040\000r\000e\000p\000r\000e\000s\000e\000n\000t\000a\000t\000i\000v\000i\000d\000a\000d\000\040\000d\000e\000l\000\040\000p\000i\000p\000e\000l\000i\000n\000e\000\040\000a\000n\000a\000l\000\355\000t\000i\000c\000o}{section.8}% 46
\BOOKMARK [2][-]{subsection.8.5}{\376\377\000A\000l\000c\000a\000n\000c\000e\000\040\000n\000o\000\040\000c\000u\000b\000i\000e\000r\000t\000o\000\040\000e\000n\000\040\000e\000s\000t\000a\000\040\000e\000n\000t\000r\000e\000g\000a}{section.8}% 47
\BOOKMARK [1][-]{section.9}{\376\377\000C\000o\000n\000c\000l\000u\000s\000i\000o\000n\000e\000s\000\040\000e\000\040\000i\000n\000t\000e\000g\000r\000a\000c\000i\000\363\000n\000\040\000c\000o\000n\000\040\000E\0004}{}% 48
\BOOKMARK [2][-]{subsection.9.1}{\376\377\000I\000n\000t\000e\000g\000r\000a\000c\000i\000\363\000n\000\040\000c\000o\000n\000\040\000l\000a\000\040\000E\000n\000t\000r\000e\000g\000a\000\040\0004}{section.9}% 49
